├── 📁 app
│   ├── 📁 __pycache__
│   │   ├── 📄 skills.cpython-310.pyc
│   │   └── 📄 tools.cpython-310.pyc
│   ├── 📁 about-user
│   ├── 📁 database
│   │   ├── 📁 chats
│   │   ├── 📁 hadith
│   │   │   ├── 📄 bukhari.json
│   │   │   └── 📄 muslim.json
│   │   ├── 📁 quran
│   │   │   ├── 📄 kanzul_iman.json
│   │   │   ├── 📄 quran_uthmani.json
│   │   │   └── 📄 tafsir_jalalayn.json
│   │   ├── 📁 vector
│   │   │   ├── 📄 index.faiss
│   │   │   └── 📄 index.pkl
│   │   └── 📄 islamic_datasets.json
│   ├── 📁 services
│   │   ├── 📁 __pycache__
│   │   │   └── 📄 api.cpython-310.pyc
│   │   ├── 📄 api.py
│   │   └── 📄 datasets_download.py
│   ├── 📁 toolsf
│   │   ├── 📁 audio_tools
│   │   │   ├── 📁 skill
│   │   │   │   └── 📄 audio_tools.skill
│   │   │   └── 📁 tool
│   │   │       ├── 📁 __pycache__
│   │   │       │   └── 📄 audio_tools.cpython-310.pyc
│   │   │       └── 📄 audio_tools.py
│   │   ├── 📁 automation
│   │   │   ├── 📁 skill
│   │   │   │   └── 📄 automation.skill
│   │   │   └── 📁 tool
│   │   │       ├── 📁 __pycache__
│   │   │       │   └── 📄 automation.cpython-310.pyc
│   │   │       └── 📄 automation.py
│   │   ├── 📁 browser_control
│   │   │   ├── 📁 skill
│   │   │   │   └── 📄 browser_control.skill
│   │   │   └── 📁 tool
│   │   │       ├── 📁 __pycache__
│   │   │       │   └── 📄 browser_control.cpython-310.pyc
│   │   │       └── 📄 browser_control.py
│   │   ├── 📁 calendar
│   │   │   ├── 📁 skill
│   │   │   │   └── 📄 calendar.skill
│   │   │   └── 📁 tool
│   │   │       ├── 📁 __pycache__
│   │   │       │   └── 📄 calendar.cpython-310.pyc
│   │   │       └── 📄 calendar.py
│   │   ├── 📁 capture
│   │   │   ├── 📁 skill
│   │   │   │   └── 📄 capture.skill
│   │   │   └── 📁 tool
│   │   │       ├── 📁 __pycache__
│   │   │       │   └── 📄 capture.cpython-310.pyc
│   │   │       └── 📄 capture.py
│   │   ├── 📁 cmd
│   │   │   ├── 📁 skill
│   │   │   │   └── 📄 cmd.skill
│   │   │   └── 📁 tool
│   │   │       ├── 📁 __pycache__
│   │   │       │   └── 📄 cmd.cpython-310.pyc
│   │   │       └── 📄 cmd.py
│   │   ├── 📁 codeExecutor
│   │   │   ├── 📁 skill
│   │   │   │   └── 📄 codeExecutor.skill
│   │   │   └── 📁 tool
│   │   │       ├── 📁 __pycache__
│   │   │       │   └── 📄 codeExecutor.cpython-310.pyc
│   │   │       └── 📄 codeExecutor.py
│   │   ├── 📁 csv_tools
│   │   │   ├── 📁 skill
│   │   │   │   └── 📄 csv_tools.skill
│   │   │   └── 📁 tool
│   │   │       ├── 📁 __pycache__
│   │   │       │   └── 📄 csv_tools.cpython-310.pyc
│   │   │       └── 📄 csv_tools.py
│   │   ├── 📁 FileSystem
│   │   │   ├── 📁 skill
│   │   │   │   └── 📄 FileSystem.skill
│   │   │   └── 📁 tool
│   │   │       ├── 📁 __pycache__
│   │   │       │   └── 📄 FileSystem.cpython-310.pyc
│   │   │       └── 📄 FileSystem.py
│   │   ├── 📁 git_tools
│   │   │   ├── 📁 skill
│   │   │   │   └── 📄 git_tools.skill
│   │   │   └── 📁 tool
│   │   │       ├── 📁 __pycache__
│   │   │       │   └── 📄 git_tools.cpython-310.pyc
│   │   │       └── 📄 git_tools.py
│   │   ├── 📁 gmail
│   │   │   ├── 📁 skill
│   │   │   │   └── 📄 gmail.skill
│   │   │   └── 📁 tool
│   │   │       ├── 📁 __pycache__
│   │   │       │   └── 📄 gmail.cpython-310.pyc
│   │   │       └── 📄 gmail.py
│   │   ├── 📁 grapher
│   │   │   ├── 📁 skill
│   │   │   │   └── 📄 grapher.skill
│   │   │   └── 📁 tool
│   │   │       ├── 📁 __pycache__
│   │   │       │   └── 📄 grapher.cpython-310.pyc
│   │   │       └── 📄 grapher.py
│   │   ├── 📁 hadith
│   │   │   ├── 📁 skill
│   │   │   │   └── 📄 hadith.skill
│   │   │   └── 📁 tool
│   │   │       ├── 📁 __pycache__
│   │   │       │   └── 📄 hadith.cpython-310.pyc
│   │   │       └── 📄 hadith.py
│   │   ├── 📁 http_client
│   │   │   ├── 📁 skill
│   │   │   │   └── 📄 http_client.skill
│   │   │   └── 📁 tool
│   │   │       ├── 📁 __pycache__
│   │   │       │   └── 📄 http_client.cpython-310.pyc
│   │   │       └── 📄 http_client.py
│   │   ├── 📁 image_tools
│   │   │   ├── 📁 skill
│   │   │   │   └── 📄 image_tools.skill
│   │   │   └── 📁 tool
│   │   │       ├── 📁 __pycache__
│   │   │       │   └── 📄 image_tools.cpython-310.pyc
│   │   │       └── 📄 image_tools.py
│   │   ├── 📁 network_tools
│   │   │   ├── 📁 skill
│   │   │   │   └── 📄 network_tools.skill
│   │   │   └── 📁 tool
│   │   │       ├── 📁 __pycache__
│   │   │       │   └── 📄 network_tools.cpython-310.pyc
│   │   │       └── 📄 network_tools.py
│   │   ├── 📁 notes
│   │   │   ├── 📁 skill
│   │   │   │   └── 📄 notes.skill
│   │   │   └── 📁 tool
│   │   │       ├── 📁 __pycache__
│   │   │       │   └── 📄 notes.cpython-310.pyc
│   │   │       └── 📄 notes.py
│   │   ├── 📁 pdf_tools
│   │   │   ├── 📁 skill
│   │   │   │   └── 📄 pdf_tools.skill
│   │   │   └── 📁 tool
│   │   │       ├── 📁 __pycache__
│   │   │       │   └── 📄 pdf_tools.cpython-310.pyc
│   │   │       └── 📄 pdf_tools.py
│   │   ├── 📁 powershell
│   │   │   ├── 📁 skill
│   │   │   │   └── 📄 powershell.skill
│   │   │   └── 📁 tool
│   │   │       ├── 📁 __pycache__
│   │   │       │   └── 📄 powershell.cpython-310.pyc
│   │   │       └── 📄 powershell.py
│   │   ├── 📁 process_manager
│   │   │   ├── 📁 skill
│   │   │   │   └── 📄 process_manager.skill
│   │   │   └── 📁 tool
│   │   │       ├── 📁 __pycache__
│   │   │       │   └── 📄 process_manager.cpython-310.pyc
│   │   │       └── 📄 process_manager.py
│   │   ├── 📁 prompt_library
│   │   │   ├── 📁 skill
│   │   │   │   └── 📄 prompt_library.skill
│   │   │   └── 📁 tool
│   │   │       ├── 📁 __pycache__
│   │   │       │   └── 📄 prompt_library.cpython-310.pyc
│   │   │       └── 📄 prompt_library.py
│   │   ├── 📁 quran
│   │   │   ├── 📁 skill
│   │   │   │   └── 📄 quran.skill
│   │   │   └── 📁 tool
│   │   │       ├── 📁 __pycache__
│   │   │       │   └── 📄 quran.cpython-310.pyc
│   │   │       └── 📄 quran.py
│   │   ├── 📁 rag_ingest
│   │   │   ├── 📁 skill
│   │   │   │   └── 📄 rag_ingest.skill
│   │   │   └── 📁 tool
│   │   │       ├── 📁 __pycache__
│   │   │       │   └── 📄 rag_ingest.cpython-310.pyc
│   │   │       └── 📄 rag_ingest.py
│   │   ├── 📁 report_generator
│   │   │   ├── 📁 skill
│   │   │   │   └── 📄 report_generator.skill
│   │   │   └── 📁 tool
│   │   │       ├── 📁 __pycache__
│   │   │       │   └── 📄 report_generator.cpython-310.pyc
│   │   │       └── 📄 report_generator.py
│   │   ├── 📁 system_info
│   │   │   ├── 📁 skill
│   │   │   │   └── 📄 system_info.skill
│   │   │   └── 📁 tool
│   │   │       ├── 📁 __pycache__
│   │   │       │   └── 📄 system_info.cpython-310.pyc
│   │   │       └── 📄 system_info.py
│   │   ├── 📁 time
│   │   │   ├── 📁 skill
│   │   │   │   └── 📄 time.skill
│   │   │   └── 📁 tool
│   │   │       ├── 📁 __pycache__
│   │   │       │   └── 📄 time.cpython-310.pyc
│   │   │       └── 📄 time.py
│   │   ├── 📁 todo
│   │   │   ├── 📁 skill
│   │   │   │   └── 📄 todo.skill
│   │   │   └── 📁 tool
│   │   │       ├── 📁 __pycache__
│   │   │       │   └── 📄 todo.cpython-310.pyc
│   │   │       └── 📄 todo.py
│   │   ├── 📁 toolbox
│   │   │   ├── 📁 skill
│   │   │   │   └── 📄 toolbox.skill
│   │   │   └── 📁 tool
│   │   │       ├── 📁 __pycache__
│   │   │       │   └── 📄 toolbox.cpython-310.pyc
│   │   │       └── 📄 toolbox.py
│   │   ├── 📁 video_tools
│   │   │   ├── 📁 skill
│   │   │   │   └── 📄 video_tools.skill
│   │   │   └── 📁 tool
│   │   │       ├── 📁 __pycache__
│   │   │       │   └── 📄 video_tools.cpython-310.pyc
│   │   │       └── 📄 video_tools.py
│   │   ├── 📁 web
│   │   │   ├── 📁 skill
│   │   │   │   └── 📄 web.skill
│   │   │   └── 📁 tool
│   │   │       ├── 📁 __pycache__
│   │   │       │   └── 📄 web.cpython-310.pyc
│   │   │       └── 📄 web.py
│   │   ├── 📁 wslKaliLinux
│   │   │   ├── 📁 skill
│   │   │   │   └── 📄 wslKaliLinux.skill
│   │   │   └── 📁 tool
│   │   │       ├── 📁 __pycache__
│   │   │       │   └── 📄 wslKaliLinux.cpython-310.pyc
│   │   │       └── 📄 wslKaliLinux.py
│   │   ├── 📁 wslUbuntu
│   │   │   ├── 📁 skill
│   │   │   │   └── 📄 wslUbuntu.skill
│   │   │   └── 📁 tool
│   │   │       ├── 📁 __pycache__
│   │   │       │   └── 📄 wslUbuntu.cpython-310.pyc
│   │   │       └── 📄 wslUbuntu.py
│   │   ├── 📁 ytTranscript
│   │   │   ├── 📁 skill
│   │   │   │   └── 📄 ytTranscript.skill
│   │   │   └── 📁 tool
│   │   │       ├── 📁 __pycache__
│   │   │       │   └── 📄 ytTranscript.cpython-310.pyc
│   │   │       └── 📄 ytTranscript.py
│   │   └── 📁 zip_tools
│   │       ├── 📁 skill
│   │       │   └── 📄 zip_tools.skill
│   │       └── 📁 tool
│   │           ├── 📁 __pycache__
│   │           │   └── 📄 zip_tools.cpython-310.pyc
│   │           └── 📄 zip_tools.py
│   ├── 📁 utils
│   │   ├── 📁 __pycache__
│   │   │   ├── 📄 groq.cpython-310.pyc
│   │   │   ├── 📄 RAG.cpython-310.pyc
│   │   │   ├── 📄 speak.cpython-310.pyc
│   │   │   └── 📄 vectorStore.cpython-310.pyc
│   │   ├── 📁 speak
│   │   │   ├── 📁 __pycache__
│   │   │   │   └── 📄 __init__.cpython-310.pyc
│   │   │   ├── 📁 skill
│   │   │   │   └── 📄 speak.skill
│   │   │   ├── 📁 tool
│   │   │   │   ├── 📄 __init__.py
│   │   │   │   └── 📄 speak.py
│   │   │   └── 📄 __init__.py
│   │   ├── 📄 groq.py
│   │   ├── 📄 RAG.py
│   │   ├── 📄 speak.py
│   │   └── 📄 vectorStore.py
│   ├── 📄 RAG.py
│   ├── 📄 skills.py
│   └── 📄 tools.py
├── 📄 map_directory.py
├── 📄 requirements.txt
├── 📄 run.py
└── 📄 test.py

153 directories, 135 files
